HOST=orfoz191
DATE=2026-08-14T07:45:04+03:00
GIT=3b615ed1a8e455918d6e9d90bfb5c4e42ae44adc
GIT_TAG=m2-preexec-fir-windows-candidate
DIRTY=3
CONFIG=configs/full.yaml
EXPECTED_200UV_EPOCHS=17257
FROZEN_E01_BACC=0.6179239767
python 3.13.11 | packaged by Anaconda, Inc. | (main, Dec 10 2025, 21:28:48) [GCC 14.3.0]
mne 1.12.1
sklearn 1.9.0
Replacing existing metadata with 12 columns
                                  threshold  epochs_before  epochs_rejected  epochs_retained  participants_eligible                                                                      cache_identity                                             source_preprocessing_state  n_ptp_gt_150  n_ptp_gt_200
                                       none          19440                0            19440                    109 mode=minimal;channels_sha256=dcc6eac2d411;cache=/arf/scratch/cnjume/eeg-me-mi/cache                                            minimal_cache_no_ptp_filter          4150          2183
                                      150uv          19440             4150            15290                     94 mode=minimal;channels_sha256=dcc6eac2d411;cache=/arf/scratch/cnjume/eeg-me-mi/cache                                            minimal_cache_then_ptp<=150          4150          2183
                                      200uv          19440             2183            17257                    102 mode=minimal;channels_sha256=dcc6eac2d411;cache=/arf/scratch/cnjume/eeg-me-mi/cache                                            minimal_cache_then_ptp<=200          4150          2183
none_as_executed_in_definitive_run_full_BUG          19440             2183            17257                    102 mode=minimal;channels_sha256=dcc6eac2d411;cache=/arf/scratch/cnjume/eeg-me-mi/cache BUG: threshold_uv=None fell back to preproc reject_peak_to_peak_uv=200          4150          2183
Replacing existing metadata with 12 columns
Replacing existing metadata with 12 columns
Replacing existing metadata with 12 columns
